{"level":"info","message":"Connected to MongoDB successfully","service":"datascube-api","timestamp":"2025-11-01 23:09:01"}
{"level":"info","message":"Server running on port 3000","service":"datascube-api","timestamp":"2025-11-01 23:09:01"}
{"level":"info","message":"Environment: development","service":"datascube-api","timestamp":"2025-11-01 23:09:01"}
{"level":"info","message":"SMTP server is ready to take our messages","service":"datascube-api","timestamp":"2025-11-01 23:09:08"}
{"level":"info","message":"Connected to MongoDB successfully","service":"datascube-api","timestamp":"2025-11-01 23:11:09"}
{"level":"info","message":"Server running on port 3000","service":"datascube-api","timestamp":"2025-11-01 23:11:09"}
{"level":"info","message":"Environment: development","service":"datascube-api","timestamp":"2025-11-01 23:11:09"}
{"level":"info","message":"SMTP server is ready to take our messages","service":"datascube-api","timestamp":"2025-11-01 23:11:17"}
{"level":"info","message":"Connected to MongoDB successfully","service":"datascube-api","timestamp":"2025-11-01 23:13:30"}
{"level":"info","message":"Server running on port 3000","service":"datascube-api","timestamp":"2025-11-01 23:13:30"}
{"level":"info","message":"Environment: development","service":"datascube-api","timestamp":"2025-11-01 23:13:30"}
{"level":"info","message":"::1 - - [01/Nov/2025:17:47:59 +0000] \"POST /api/inquiries HTTP/1.1\" 201 158 \"-\" \"curl/8.7.1\"","service":"datascube-api","timestamp":"2025-11-01 23:17:59"}
{"level":"info","message":"Confirmation email sent to nikulkumar730@gmail.com:","service":"datascube-api","timestamp":"2025-11-01 23:18:12"}
{"level":"info","message":"Confirmation email sent for inquiry 690647cf08b1680ee3fcd6d2","service":"datascube-api","timestamp":"2025-11-01 23:18:12"}
{"level":"info","message":"Admin notification sent:","service":"datascube-api","timestamp":"2025-11-01 23:18:12"}
{"level":"info","message":"Admin notification sent for inquiry 690647cf08b1680ee3fcd6d2","service":"datascube-api","timestamp":"2025-11-01 23:18:12"}
{"level":"info","message":"::1 - - [01/Nov/2025:17:48:19 +0000] \"GET /api/inquiries/690647cf08b1680ee3fcd6d2 HTTP/1.1\" 200 768 \"-\" \"curl/8.7.1\"","service":"datascube-api","timestamp":"2025-11-01 23:18:19"}
{"level":"info","message":"::1 - - [01/Nov/2025:17:48:37 +0000] \"GET /api/inquiries/stats HTTP/1.1\" 200 191 \"-\" \"curl/8.7.1\"","service":"datascube-api","timestamp":"2025-11-01 23:18:37"}
{"_message":"Inquiry validation failed","errors":{"email":{"kind":"required","message":"Email is required","name":"ValidatorError","path":"email","properties":{"message":"Email is required","path":"email","type":"required"}},"message":{"kind":"required","message":"Message is required","name":"ValidatorError","path":"message","properties":{"message":"Message is required","path":"message","type":"required"}},"name":{"kind":"required","message":"Name is required","name":"ValidatorError","path":"name","properties":{"message":"Name is required","path":"name","type":"required"}},"subject":{"kind":"required","message":"Subject is required","name":"ValidatorError","path":"subject","properties":{"message":"Subject is required","path":"subject","type":"required"}}},"level":"error","message":"Error creating inquiry: Inquiry validation failed: message: Message is required, subject: Subject is required, email: Email is required, name: Name is required","service":"datascube-api","stack":"ValidationError: Inquiry validation failed: message: Message is required, subject: Subject is required, email: Email is required, name: Name is required\n    at Document.invalidate (/Users/nikulkumar/Desktop/DataScube/node_modules/mongoose/lib/document.js:3362:32)\n    at /Users/nikulkumar/Desktop/DataScube/node_modules/mongoose/lib/document.js:3123:17\n    at /Users/nikulkumar/Desktop/DataScube/node_modules/mongoose/lib/schemaType.js:1420:9\n    at process.processTicksAndRejections (node:internal/process/task_queues:85:11)","timestamp":"2025-11-01 23:32:38"}
{"ip":"::1","level":"error","message":"Error Inquiry validation failed: message: Message is required, subject: Subject is required, email: Email is required, name: Name is required","method":"POST","service":"datascube-api","stack":"ValidationError: Inquiry validation failed: message: Message is required, subject: Subject is required, email: Email is required, name: Name is required\n    at Document.invalidate (/Users/nikulkumar/Desktop/DataScube/node_modules/mongoose/lib/document.js:3362:32)\n    at /Users/nikulkumar/Desktop/DataScube/node_modules/mongoose/lib/document.js:3123:17\n    at /Users/nikulkumar/Desktop/DataScube/node_modules/mongoose/lib/schemaType.js:1420:9\n    at process.processTicksAndRejections (node:internal/process/task_queues:85:11)","timestamp":"2025-11-01 23:32:38","url":"/api/inquiries","userAgent":"curl/8.7.1"}
{"level":"info","message":"::1 - - [01/Nov/2025:18:02:38 +0000] \"POST /api/inquiries HTTP/1.1\" 400 647 \"-\" \"curl/8.7.1\"","service":"datascube-api","timestamp":"2025-11-01 23:32:38"}
{"level":"info","message":"::1 - - [01/Nov/2025:18:03:41 +0000] \"POST /api/inquiries HTTP/1.1\" 201 158 \"-\" \"curl/8.7.1\"","service":"datascube-api","timestamp":"2025-11-01 23:33:41"}
{"level":"info","message":"Confirmation email sent to amityadavaitech@gmail.com:","service":"datascube-api","timestamp":"2025-11-01 23:33:54"}
{"level":"info","message":"Confirmation email sent for inquiry 69064b7d08b1680ee3fcd6da","service":"datascube-api","timestamp":"2025-11-01 23:33:54"}
{"level":"info","message":"Admin notification sent:","service":"datascube-api","timestamp":"2025-11-01 23:33:54"}
{"level":"info","message":"Admin notification sent for inquiry 69064b7d08b1680ee3fcd6da","service":"datascube-api","timestamp":"2025-11-01 23:33:54"}
{"level":"info","message":"::1 - - [01/Nov/2025:18:05:22 +0000] \"POST /api/inquiries HTTP/1.1\" 201 158 \"-\" \"curl/8.7.1\"","service":"datascube-api","timestamp":"2025-11-01 23:35:22"}
{"level":"info","message":"Confirmation email sent to jadavkaushal25@gmail.com:","service":"datascube-api","timestamp":"2025-11-01 23:35:25"}
{"level":"info","message":"Confirmation email sent for inquiry 69064be208b1680ee3fcd6dd","service":"datascube-api","timestamp":"2025-11-01 23:35:25"}
{"level":"info","message":"Admin notification sent:","service":"datascube-api","timestamp":"2025-11-01 23:35:26"}
{"level":"info","message":"Admin notification sent for inquiry 69064be208b1680ee3fcd6dd","service":"datascube-api","timestamp":"2025-11-01 23:35:26"}
{"level":"info","message":"SMTP server is ready to take our messages","service":"datascube-api","timestamp":"2025-11-02 11:26:59"}
{"level":"info","message":"::ffff:127.0.0.1 - - [02/Nov/2025:05:57:16 +0000] \"GET /api/health HTTP/1.1\" 503 235 \"-\" \"-\"","service":"datascube-api","timestamp":"2025-11-02 11:27:16"}
{"level":"info","message":"::ffff:127.0.0.1 - - [02/Nov/2025:05:57:16 +0000] \"GET /api/health/ready HTTP/1.1\" 503 89 \"-\" \"-\"","service":"datascube-api","timestamp":"2025-11-02 11:27:16"}
{"level":"info","message":"::ffff:127.0.0.1 - - [02/Nov/2025:05:57:16 +0000] \"GET /api/health/live HTTP/1.1\" 200 84 \"-\" \"-\"","service":"datascube-api","timestamp":"2025-11-02 11:27:16"}
{"level":"info","message":"SMTP server is ready to take our messages","service":"datascube-api","timestamp":"2025-11-02 11:27:28"}
{"level":"info","message":"Connected to MongoDB successfully","service":"datascube-api","timestamp":"2025-11-04 00:48:44"}
{"level":"info","message":"Server running on port 3000","service":"datascube-api","timestamp":"2025-11-04 00:48:44"}
{"level":"info","message":"Environment: development","service":"datascube-api","timestamp":"2025-11-04 00:48:44"}
{"level":"info","message":"SMTP server is ready to take our messages","service":"datascube-api","timestamp":"2025-11-04 00:48:51"}
{"code":"ECONNREFUSED","hostname":"_mongodb._tcp.datascube.7fholtw.mongodb.net","level":"error","message":"MongoDB connection error: querySrv ECONNREFUSED _mongodb._tcp.datascube.7fholtw.mongodb.net","service":"datascube-api","stack":"Error: querySrv ECONNREFUSED _mongodb._tcp.datascube.7fholtw.mongodb.net\n    at QueryReqWrap.onresolve [as oncomplete] (node:internal/dns/promises:294:17)","syscall":"querySrv","timestamp":"2025-11-06 22:15:23"}
{"code":"ECONNREFUSED","hostname":"_mongodb._tcp.datascube.7fholtw.mongodb.net","level":"error","message":"MongoDB connection error: querySrv ECONNREFUSED _mongodb._tcp.datascube.7fholtw.mongodb.net","service":"datascube-api","stack":"Error: querySrv ECONNREFUSED _mongodb._tcp.datascube.7fholtw.mongodb.net\n    at QueryReqWrap.onresolve [as oncomplete] (node:internal/dns/promises:294:17)","syscall":"querySrv","timestamp":"2025-11-06 22:15:58"}
{"code":"ECONNREFUSED","hostname":"_mongodb._tcp.datascube.7fholtw.mongodb.net","level":"error","message":"MongoDB connection error: querySrv ECONNREFUSED _mongodb._tcp.datascube.7fholtw.mongodb.net","service":"datascube-api","stack":"Error: querySrv ECONNREFUSED _mongodb._tcp.datascube.7fholtw.mongodb.net\n    at QueryReqWrap.onresolve [as oncomplete] (node:internal/dns/promises:294:17)","syscall":"querySrv","timestamp":"2025-11-06 22:45:05"}
{"code":"ECONNREFUSED","hostname":"_mongodb._tcp.datascube.7fholtw.mongodb.net","level":"error","message":"MongoDB connection error: querySrv ECONNREFUSED _mongodb._tcp.datascube.7fholtw.mongodb.net","service":"datascube-api","stack":"Error: querySrv ECONNREFUSED _mongodb._tcp.datascube.7fholtw.mongodb.net\n    at QueryReqWrap.onresolve [as oncomplete] (node:internal/dns/promises:294:17)","syscall":"querySrv","timestamp":"2025-11-06 22:49:34"}
{"level":"info","message":"Connected to MongoDB successfully","service":"datascube-api","timestamp":"2025-11-06 22:53:25"}
{"level":"info","message":"Server running on port 3000","service":"datascube-api","timestamp":"2025-11-06 22:53:25"}
{"level":"info","message":"Environment: development","service":"datascube-api","timestamp":"2025-11-06 22:53:25"}
{"level":"info","message":"SMTP server is ready to take our messages","service":"datascube-api","timestamp":"2025-11-06 22:53:28"}
